---
source: crates/shipper-git/src/lib.rs
expression: variants
---
[
    DirtyVariant {
        input: None,
        result: true,
    },
    DirtyVariant {
        input: Some(
            true,
        ),
        result: true,
    },
    DirtyVariant {
        input: Some(
            false,
        ),
        result: false,
    },
]
