---
source: crates/shipper-plan/src/lib.rs
expression: snapshot_of(&ws)
---
packages:
  - name: diamond-d
    version: 0.1.0
  - name: diamond-b
    version: 0.1.0
  - name: diamond-c
    version: 0.1.0
  - name: diamond-a
    version: 0.1.0
dependencies:
  diamond-a:
    - diamond-b
    - diamond-c
  diamond-b:
    - diamond-d
  diamond-c:
    - diamond-d
  diamond-d: []
skipped: []
registry_name: crates-io
