---
source: crates/shipper-chunking/src/lib.rs
expression: "chunk_by_max_concurrent(&items, 2)"
---
[
    [
        (
            "core",
            [],
        ),
        (
            "utils",
            [
                "core",
            ],
        ),
    ],
    [
        (
            "api",
            [
                "core",
                "utils",
            ],
        ),
        (
            "cli",
            [
                "api",
            ],
        ),
    ],
    [
        (
            "web",
            [
                "api",
                "utils",
            ],
        ),
    ],
]
