---
source: crates/shipper-cli/tests/cli_snapshots.rs
expression: normalize_help_output(&stdout)
---
Print environment and auth diagnostics.

Checks local tools, registry reachability, authentication signals, workspace
health, and state-directory basics. Run this first when preflight or publish
reports an environment blocker.

EXAMPLES:
    # Inspect local release prerequisites:
    shipper doctor

    # Check a named Cargo registry:
    shipper doctor --registry crates-io


Usage: shipper-cli doctor [OPTIONS]

Options:
      --config <CONFIG>
          Path to a custom configuration file (.shipper.toml)

      --manifest-path <MANIFEST_PATH>
          Path to the workspace Cargo.toml
          
          [default: Cargo.toml]

      --registry <REGISTRY>
          Cargo registry name (default: crates-io)

      --api-base <API_BASE>
          Registry API base URL (default: <https://crates.io>)

      --package <PACKAGES>
          Restrict to specific packages (repeatable). If omitted, publishes all publishable workspace members

      --state-dir <STATE_DIR>
          Directory for shipper state and receipts (default: .shipper)

      --format <FORMAT>
          Output format: text (default) or json
          
          [default: text]
          [possible values: text, json]

  -q, --quiet
          Suppress informational output

  -h, --help
          Print help (see a summary with '-h')
