---
source: crates/shipper-cli/tests/e2e_expanded.rs
expression: normalize_output(&stdout)
---
Event log: <STATE_DIR>/events.jsonl

{"timestamp":"2025-01-01T00:00:00Z","event_type":{"type":"plan_created","plan_id":"abc123","package_count":1},"package":"all"}
{"timestamp":"2025-01-01T00:00:01Z","event_type":{"type":"execution_started"},"package":"all"}
