---
source: crates/shipper/src/ops/cargo/mod.rs
assertion_line: 1156
expression: results
---
[
    (
        "",
        false,
    ),
    (
        "123-start",
        false,
    ),
    (
        "-hyphen-start",
        false,
    ),
    (
        "MyCrate",
        false,
    ),
    (
        "my.crate",
        false,
    ),
    (
        "my crate",
        false,
    ),
    (
        "my@crate",
        false,
    ),
]
