---
source: crates/shipper/src/ops/cargo/mod.rs
assertion_line: 1138
expression: results
---
[
    (
        "my-crate",
        true,
    ),
    (
        "my_crate",
        true,
    ),
    (
        "a",
        true,
    ),
    (
        "_private",
        true,
    ),
    (
        "crate-with-123",
        true,
    ),
]
