---
source: crates/shipper/src/engine/mod.rs
assertion_line: 4650
expression: snapshot
---
[
    "key=alpha@1.0.0 name=alpha version=1.0.0 attempts=0 state=pending",
    "key=beta@2.0.0 name=beta version=2.0.0 attempts=0 state=pending",
    "key=gamma@0.3.0 name=gamma version=0.3.0 attempts=0 state=pending",
]
