---
source: crates/shipper-config/src/runtime/mod.rs
expression: converted
---
RuntimeOptions {
    allow_dirty: false,
    skip_ownership_check: false,
    strict_ownership: false,
    no_verify: false,
    max_attempts: 10,
    base_delay: 5s,
    max_delay: 300s,
    retry_strategy: Exponential,
    retry_jitter: 0.5,
    retry_per_error: PerErrorConfig {
        retryable: None,
        ambiguous: None,
        permanent: None,
    },
    verify_timeout: 60s,
    verify_poll_interval: 5s,
    state_dir: ".shipper",
    force_resume: false,
    policy: Safe,
    verify_mode: Workspace,
    readiness: ReadinessConfig {
        enabled: true,
        method: Both,
        initial_delay: 1s,
        max_delay: 120s,
        max_total_wait: 600s,
        poll_interval: 5s,
        jitter_factor: 0.5,
        index_path: Some(
            "/ci/index",
        ),
        prefer_index: true,
    },
    output_lines: 20,
    force: false,
    lock_timeout: 30s,
    parallel: ParallelConfig {
        enabled: false,
        max_concurrent: 4,
        per_package_timeout: 120s,
    },
    webhook: WebhookConfig {
        url: "",
        webhook_type: Generic,
        secret: None,
        timeout_secs: 30,
    },
    encryption: EncryptionConfig {
        enabled: false,
        passphrase: None,
        env_var: None,
    },
    registries: [],
    resume_from: None,
    rehearsal_registry: None,
    rehearsal_skip: false,
    rehearsal_smoke_install: None,
}
